../Drivers/CMSIS/Include/core_cm7.h:2464:22:SCB_InvalidateDCache_by_Addr	2
../Core/Src/main.c:318:5:main	16
../Core/Src/main.c:456:6:SystemClock_Config	4
../Core/Src/main.c:515:13:LOG	3
../Core/Src/main.c:538:26:OV7670_WriteReg	1
../Core/Src/main.c:547:26:OV7670_ReadReg	2
../Core/Src/main.c:556:13:OV7670_HardReset	1
../Core/Src/main.c:566:26:OV7670_Init	4
../Core/Src/main.c:582:16:OV7670_VerifyRegs	4
../Core/Src/main.c:600:26:OV7670_SetColorBar	5
../Core/Src/main.c:618:26:OV7670_SetImageTuning	5
../Core/Src/main.c:643:13:Camera_Capture	11
../Core/Src/main.c:700:13:Camera_SnapshotState	1
../Core/Src/main.c:710:13:Camera_Reinit	1
../Core/Src/main.c:717:13:Camera_ReportFailure	15
../Core/Src/main.c:786:6:HAL_DCMI_FrameEventCallback	1
../Core/Src/main.c:791:6:HAL_DCMI_ErrorCallback	1
../Core/Src/main.c:796:6:HAL_DCMI_VsyncEventCallback	2
../Core/Src/main.c:805:6:HAL_DCMI_LineEventCallback	1
../Core/Src/main.c:817:13:ProbePins	12
../Core/Src/main.c:847:13:DumpHex	4
../Core/Src/main.c:864:13:DumpBuffer	11
../Core/Src/main.c:893:13:SendFrame	3
../Core/Src/main.c:915:6:MPU_Config	1
../Core/Src/main.c:946:6:Error_Handler	1
