../Drivers/CMSIS/Include/core_cm7.h:2464:22:SCB_InvalidateDCache_by_Addr	32	static,ignoring_inline_asm
../Core/Src/main.c:380:5:main	96	static
../Core/Src/main.c:532:6:SystemClock_Config	88	static
../Core/Src/main.c:588:13:LOG	208	static
../Core/Src/main.c:612:26:OV7670_WriteReg	32	static
../Core/Src/main.c:621:26:OV7670_ReadReg	24	static
../Core/Src/main.c:630:13:OV7670_HardReset	8	static
../Core/Src/main.c:639:26:OV7670_Init	16	static
../Core/Src/main.c:657:16:OV7670_VerifyRegs	24	static
../Core/Src/main.c:677:26:OV7670_SetColorBar	24	static
../Core/Src/main.c:696:26:OV7670_SetImageTuning	24	static
../Core/Src/main.c:725:13:Camera_Capture	72	static
../Core/Src/main.c:787:13:Camera_SnapshotState	16	static
../Core/Src/main.c:799:13:Camera_Reinit	8	static
../Core/Src/main.c:805:13:Camera_ReportFailure	72	static
../Core/Src/main.c:888:6:HAL_DCMI_FrameEventCallback	16	static
../Core/Src/main.c:893:6:HAL_DCMI_ErrorCallback	16	static
../Core/Src/main.c:898:6:HAL_DCMI_VsyncEventCallback	16	static
../Core/Src/main.c:907:6:HAL_DCMI_LineEventCallback	16	static
../Core/Src/main.c:921:13:Console_Poll	16	static
../Core/Src/main.c:940:13:Console_Exec	40	static
../Core/Src/main.c:1030:13:Console_DumpRegs	16	static
../Core/Src/main.c:1063:13:ProbePins	160	static
../Core/Src/main.c:1095:13:DumpHex	112	static
../Core/Src/main.c:1113:13:DumpBuffer	32	static
../Core/Src/main.c:1140:17:Filter_Apply	16	static
../Core/Src/main.c:1155:23:Canny_Dir	24	static
../Core/Src/main.c:1169:13:Canny_Gray	56	static
../Core/Src/main.c:1186:13:Canny_Blur	104	static
../Core/Src/main.c:1217:13:Canny_Sobel	88	static
../Core/Src/main.c:1250:13:Canny_Nms	56	static
../Core/Src/main.c:1290:17:Canny_HystPass	56	static
../Core/Src/main.c:1317:13:Canny_Hysteresis	40	static
../Core/Src/main.c:1344:17:Filter_Canny	56	static
../Core/Src/main.c:1375:13:SendFrame	48	static
../Core/Src/main.c:1398:6:MPU_Config	24	static
../Core/Src/main.c:1428:6:Error_Handler	4	static,ignoring_inline_asm
