../Drivers/CMSIS/Include/core_cm7.h:2464:22:SCB_InvalidateDCache_by_Addr	2
../Core/Src/main.c:380:5:main	17
../Core/Src/main.c:532:6:SystemClock_Config	4
../Core/Src/main.c:588:13:LOG	3
../Core/Src/main.c:612:26:OV7670_WriteReg	1
../Core/Src/main.c:621:26:OV7670_ReadReg	2
../Core/Src/main.c:630:13:OV7670_HardReset	1
../Core/Src/main.c:639:26:OV7670_Init	4
../Core/Src/main.c:657:16:OV7670_VerifyRegs	4
../Core/Src/main.c:677:26:OV7670_SetColorBar	5
../Core/Src/main.c:696:26:OV7670_SetImageTuning	5
../Core/Src/main.c:725:13:Camera_Capture	11
../Core/Src/main.c:787:13:Camera_SnapshotState	1
../Core/Src/main.c:799:13:Camera_Reinit	1
../Core/Src/main.c:805:13:Camera_ReportFailure	15
../Core/Src/main.c:888:6:HAL_DCMI_FrameEventCallback	1
../Core/Src/main.c:893:6:HAL_DCMI_ErrorCallback	1
../Core/Src/main.c:898:6:HAL_DCMI_VsyncEventCallback	2
../Core/Src/main.c:907:6:HAL_DCMI_LineEventCallback	1
../Core/Src/main.c:921:13:Console_Poll	6
../Core/Src/main.c:940:13:Console_Exec	27
../Core/Src/main.c:1030:13:Console_DumpRegs	3
../Core/Src/main.c:1063:13:ProbePins	12
../Core/Src/main.c:1095:13:DumpHex	4
../Core/Src/main.c:1113:13:DumpBuffer	11
../Core/Src/main.c:1140:17:Filter_Apply	2
../Core/Src/main.c:1155:23:Canny_Dir	4
../Core/Src/main.c:1169:13:Canny_Gray	3
../Core/Src/main.c:1186:13:Canny_Blur	11
../Core/Src/main.c:1217:13:Canny_Sobel	5
../Core/Src/main.c:1250:13:Canny_Nms	9
../Core/Src/main.c:1290:17:Canny_HystPass	14
../Core/Src/main.c:1317:13:Canny_Hysteresis	6
../Core/Src/main.c:1344:17:Filter_Canny	8
../Core/Src/main.c:1375:13:SendFrame	3
../Core/Src/main.c:1398:6:MPU_Config	1
../Core/Src/main.c:1428:6:Error_Handler	1
