../Drivers/CMSIS/Include/core_cm7.h:2464:22:SCB_InvalidateDCache_by_Addr	32	static,ignoring_inline_asm
../Core/Src/main.c:318:5:main	96	static
../Core/Src/main.c:456:6:SystemClock_Config	88	static
../Core/Src/main.c:515:13:LOG	208	static
../Core/Src/main.c:538:26:OV7670_WriteReg	32	static
../Core/Src/main.c:547:26:OV7670_ReadReg	24	static
../Core/Src/main.c:556:13:OV7670_HardReset	8	static
../Core/Src/main.c:566:26:OV7670_Init	16	static
../Core/Src/main.c:582:16:OV7670_VerifyRegs	24	static
../Core/Src/main.c:600:26:OV7670_SetColorBar	24	static
../Core/Src/main.c:618:26:OV7670_SetImageTuning	24	static
../Core/Src/main.c:643:13:Camera_Capture	72	static
../Core/Src/main.c:700:13:Camera_SnapshotState	16	static
../Core/Src/main.c:710:13:Camera_Reinit	8	static
../Core/Src/main.c:717:13:Camera_ReportFailure	72	static
../Core/Src/main.c:786:6:HAL_DCMI_FrameEventCallback	16	static
../Core/Src/main.c:791:6:HAL_DCMI_ErrorCallback	16	static
../Core/Src/main.c:796:6:HAL_DCMI_VsyncEventCallback	16	static
../Core/Src/main.c:805:6:HAL_DCMI_LineEventCallback	16	static
../Core/Src/main.c:817:13:ProbePins	160	static
../Core/Src/main.c:847:13:DumpHex	112	static
../Core/Src/main.c:864:13:DumpBuffer	32	static
../Core/Src/main.c:893:13:SendFrame	48	static
../Core/Src/main.c:915:6:MPU_Config	24	static
../Core/Src/main.c:946:6:Error_Handler	4	static,ignoring_inline_asm
